[17:13:34] FetchMirrors: Fetched 24322 bytes from zz.ggonav.com
[17:13:34] FetchMirrors: Parsed 5 mirrors from HTML
[17:13:34] FetchMirrors:   mirror[0]: https://zh.dfj101.ru/
[17:13:34] FetchMirrors:   mirror[1]: https://zlib.re/
[17:13:34] FetchMirrors:   mirror[2]: https://z-lib.by/
[17:13:34] FetchMirrors:   mirror[3]: https://zh.zlib0.ru/
[17:13:34] FetchMirrors:   mirror[4]: https://zh.z-library.sk/
[17:13:34] FetchMirrors:   mirror[5]: https://zh.z-lib.gd/
[17:13:34] FetchMirrors:   mirror[6]: https://zh.101fbiwarning.ru/
[17:13:34] FetchMirrors:   mirror[7]: https://zh.zzz101.ru/
[17:13:34] FetchMirrors:   mirror[8]: https://zh.1lib.sk/
[17:13:34] FetchMirrors:   mirror[9]: https://zh.singlelogin.rs/
[17:14:20] ZLibraryService::Show() navigating to: https://zh.dfj101.ru/ (mirror 0/10)
[17:14:20] NavigationStarting: https://zh.dfj101.ru/
[17:14:20] NavigationCompleted FAILED: mirror=0 err=0
[17:14:20] NavigationStarting: https://zh.dfj101.ru/
[17:14:20] NavigationCompleted FAILED: mirror=1 err=9
[17:14:20] NavigationStarting: https://z-lib.by/
[17:14:20] NavigationStarting: https://zh.zlibrarya.ru/
[17:14:24] NavigationCompleted FAILED: mirror=2 err=0
[17:14:24] NavigationStarting: https://zh.zlib0.ru/
[17:14:25] NavigationStarting: https://zh.dfj101.ru/
[17:14:28] NavigationStarting: https://z-lib.by/
[17:14:28] NavigationStarting: https://zh.zlibrarya.ru/
[17:14:31] NavigationCompleted FAILED: mirror=2 err=0
[17:14:31] NavigationStarting: https://zh.zlib0.ru/
[17:14:31] NavigationStarting: https://zh.dfj101.ru/
